src/screens/auth/ecran_configuration_biometrie.tsx(3,38): error TS2307: Cannot find module 'expo-local-authentication' or its corresponding type declarations.
src/screens/auth/ecran_connexion.tsx(3,38): error TS2307: Cannot find module 'expo-local-authentication' or its corresponding type declarations.
